[gracethemesdemo.com/flourish/index.html]
[backblue.gif]
[fade.gif]
[index.html]
[gracethemesdemo.com/flourish/feed/index.html]
[gracethemesdemo.com/flourish/comments/feed/index.html]
[gracethemesdemo.com/flourish/wp-includes/js/jquery/jquery4a5f.js]
[gracethemesdemo.com/flourish/wp-includes/js/jquery/jquery-migrate.min330a.js]
[gracethemesdemo.com/flourish/wp-content/themes/flourish-pro/js/jquery.nivo.sliderfb16.js]
[gracethemesdemo.com/flourish/wp-content/themes/flourish-pro/js/customfb16.js]
[gracethemesdemo.com/flourish/wp-content/themes/flourish-pro/testimonialsrotator/js/jquery.quovolver.minfb16.js]
[gracethemesdemo.com/flourish/wp-content/themes/flourish-pro/testimonialsrotator/js/owl.carouselfb16.js]
[gracethemesdemo.com/flourish/wp-content/themes/flourish-pro/counter/js/jquery.counterup.minfb16.js]
[gracethemesdemo.com/flourish/wp-content/themes/flourish-pro/counter/js/waypoints.minfb16.js]
[gracethemesdemo.com/flourish/wp-content/themes/flourish-pro/mixitup/jquery_013fb16.js]
[gracethemesdemo.com/flourish/wp-content/themes/flourish-pro/mixitup/jquery_003fb16.js]
[gracethemesdemo.com/flourish/wp-content/themes/flourish-pro/mixitup/screenfb16.js]
[gracethemesdemo.com/flourish/wp-content/themes/flourish-pro/mixitup/jquery.prettyPhoto5152fb16.js]
[gracethemesdemo.com/flourish/wp-content/themes/flourish-pro/js/jquery.flexiselfb16.js]
[gracethemesdemo.com/flourish/wp-content/themes/flourish-pro/popupvideo/grt-youtube-popupfb16.js]
[gracethemesdemo.com/flourish/wp-content/themes/flourish-pro/js/custom-animationfb16.js]
[gracethemesdemo.com/flourish/wp-json/index.html]
[gracethemesdemo.com/flourish/wp-content/themes/flourish-pro/images/footerbg.jpg]
[gracethemesdemo.com/flourish/wp-content/themes/flourish-pro/images/logo.png]
[gracethemesdemo.com/flourish/wp-content/themes/flourish-pro/images/slides/slider1.jpg]
[gracethemesdemo.com/flourish/about-us/index.html]
[gracethemesdemo.com/flourish/wp-content/themes/flourish-pro/images/slides/slider2.jpg]
[gracethemesdemo.com/flourish/left-sidebar/index.html]
[gracethemesdemo.com/flourish/right-sidebar/index.html]
[gracethemesdemo.com/flourish/wp-content/themes/flourish-pro/images/slides/slider3.jpg]
[gracethemesdemo.com/flourish/full-width/index.html]
[gracethemesdemo.com/flourish/wp-content/themes/flourish-pro/images/services-image1.png]
[gracethemesdemo.com/flourish/no-sidebar/index.html]
[gracethemesdemo.com/flourish/wp-content/themes/flourish-pro/images/services-image2.png]
[gracethemesdemo.com/flourish/dropdown-level-1/index.html]
[gracethemesdemo.com/flourish/lavel-2/index.html]
[gracethemesdemo.com/flourish/wp-content/themes/flourish-pro/images/services-image3.png]
[gracethemesdemo.com/flourish/lavel-3/index.html]
[gracethemesdemo.com/flourish/blog/index.html]
[gracethemesdemo.com/flourish/wp-content/themes/flourish-pro/images/welcome-image.png]
[gracethemesdemo.com/flourish/blog-left-sidebar/index.html]
[gracethemesdemo.com/flourish/wp-content/themes/flourish-pro/images/section_bg_1.jpg]
[gracethemesdemo.com/flourish/blog-right-sidebar/index.html]
[gracethemesdemo.com/flourish/wp-content/themes/flourish-pro/images/service-we-do-1.jpg]
[gracethemesdemo.com/flourish/wp-content/themes/flourish-pro/images/service-we-do-2.jpg]
[gracethemesdemo.com/flourish/blog-full-width/index.html]
[gracethemesdemo.com/flourish/blog-no-sidebar/index.html]
[gracethemesdemo.com/flourish/wp-content/themes/flourish-pro/images/service-we-do-3.jpg]
[gracethemesdemo.com/flourish/blog-grid-layout/index.html]
[gracethemesdemo.com/flourish/wp-content/themes/flourish-pro/images/service-we-do-4.jpg]
[gracethemesdemo.com/flourish/shop/index.html]
[gracethemesdemo.com/flourish/photo-gallery/index.html]
[gracethemesdemo.com/flourish/wp-content/themes/flourish-pro/images/service-we-do-5.jpg]
[gracethemesdemo.com/flourish/wp-content/themes/flourish-pro/images/video-cover.png]
[gracethemesdemo.com/flourish/wp-content/themes/flourish-pro/images/featured-projects-1.jpg]
[gracethemesdemo.com/flourish/wp-content/themes/flourish-pro/images/featured-projects-2.jpg]
[gracethemesdemo.com/flourish/wp-content/themes/flourish-pro/images/featured-projects-3.jpg]
[gracethemesdemo.com/flourish/wp-content/themes/flourish-pro/images/featured-projects-4.jpg]
[gracethemesdemo.com/flourish/wp-content/themes/flourish-pro/images/our-features.jpg]
[gracethemesdemo.com/flourish/wp-content/themes/flourish-pro/images/our-features-1.png]
[gracethemesdemo.com/flourish/wp-content/themes/flourish-pro/images/our-features-2.png]
[gracethemesdemo.com/flourish/wp-content/themes/flourish-pro/images/our-features-3.png]
[gracethemesdemo.com/flourish/wp-content/themes/flourish-pro/images/our-features-4.png]
[gracethemesdemo.com/flourish/wp-content/themes/flourish-pro/images/our-features-5.png]
[gracethemesdemo.com/flourish/wp-content/themes/flourish-pro/images/our-features-6.png]
[gracethemesdemo.com/flourish/wp-content/themes/flourish-pro/images/section_bg_5.jpg]
[gracethemesdemo.com/flourish/wp-content/themes/flourish-pro/images/working-process-1.png]
[gracethemesdemo.com/flourish/wp-content/themes/flourish-pro/images/working-process-2.png]
[gracethemesdemo.com/flourish/wp-content/themes/flourish-pro/images/working-process-3.png]
[gracethemesdemo.com/flourish/wp-content/themes/flourish-pro/images/section_bg_7.jpg]
[gracethemesdemo.com/flourish/wp-content/uploads/2019/02/member01.jpg]
[gracethemesdemo.com/flourish/wp-content/uploads/2019/02/member02.jpg]
[gracethemesdemo.com/flourish/our-team/jennifer-doe/index.html]
[gracethemesdemo.com/flourish/wp-content/uploads/2019/02/member04.jpg]
[gracethemesdemo.com/flourish/our-team/martin-doe/index.html]
[gracethemesdemo.com/flourish/our-team/alex-doe/index.html]
[gracethemesdemo.com/flourish/wp-content/uploads/2019/02/member03.jpg]
[gracethemesdemo.com/flourish/wp-content/themes/flourish-pro/images/premium-products.png]
[gracethemesdemo.com/flourish/our-team/patrick-doe/index.html]
[gracethemesdemo.com/flourish/wp-content/uploads/2018/08/gallery2-300x300.jpg]
[gracethemesdemo.com/flourish/wp-content/uploads/2018/08/gallery3-300x300.jpg]
[gracethemesdemo.com/flourish/product/decor-product-1/index.html]
[gracethemesdemo.com/flourish/wp-content/uploads/2018/08/gallery4-300x300.jpg]
[gracethemesdemo.com/flourish/indexc474.html]
[gracethemesdemo.com/flourish/product/decor-product-2/index.html]
[gracethemesdemo.com/flourish/index64d8.html]
[gracethemesdemo.com/flourish/wp-content/uploads/2018/08/gallery1-300x300.jpg]
[gracethemesdemo.com/flourish/product/decor-product-3/index.html]
[gracethemesdemo.com/flourish/wp-content/themes/flourish-pro/images/box-image.jpg]
[gracethemesdemo.com/flourish/index528e.html]
[gracethemesdemo.com/flourish/wp-content/themes/flourish-pro/images/client-design-1.jpg]
[gracethemesdemo.com/flourish/product/decor-product-4/index.html]
[gracethemesdemo.com/flourish/index4062.html]
[gracethemesdemo.com/flourish/wp-content/themes/flourish-pro/images/client-design-2.jpg]
[gracethemesdemo.com/flourish/wp-content/themes/flourish-pro/images/client-design-3.jpg]
[gracethemesdemo.com/flourish/wp-content/themes/flourish-pro/images/client-design-4.jpg]
[gracethemesdemo.com/flourish/wp-content/themes/flourish-pro/images/footer-logo.png]
[gracethemesdemo.com/flourish/wp-content/uploads/2019/04/blog02-150x150.jpg]
[gracethemesdemo.com/flourish/wp-content/uploads/2019/04/blog03-150x150.jpg]
[gracethemesdemo.com/flourish/wp-content/uploads/2019/08/gallery9.jpg]
[gracethemesdemo.com/flourish/2019/04/23/fusce-faucibus-sed-leo-nec-ultrices-etiamnec-ex-vitae-ligula-eget/index.html]
[gracethemesdemo.com/flourish/services/index.html]
[gracethemesdemo.com/flourish/2019/04/23/interdum-et-malesuada-fames-ac-ante-faucibus-vivamus-fring-purante/index.html]
[gracethemesdemo.com/flourish/wp-content/uploads/2018/08/gallery4.jpg]
[gracethemesdemo.com/flourish/wp-content/uploads/2018/08/gallery3.jpg]
[gracethemesdemo.com/flourish/wp-content/uploads/2018/08/gallery1.jpg]
[gracethemesdemo.com/flourish/wp-content/uploads/2018/08/gallery2.jpg]
[gracethemesdemo.com/flourish/wp-content/uploads/2018/08/gallery6.jpg]
[gracethemesdemo.com/flourish/wp-content/plugins/woocommerce/assets/js/frontend/add-to-cart.minf3df.js]
[gracethemesdemo.com/flourish/wp-content/plugins/woocommerce/assets/js/js-cookie/js.cookie.min6b25.js]
[gracethemesdemo.com/flourish/wp-content/plugins/woocommerce/assets/js/frontend/woocommerce.minf3df.js]
[gracethemesdemo.com/flourish/wp-content/plugins/woocommerce/assets/js/frontend/cart-fragments.minf3df.js]
[gracethemesdemo.com/flourish/wp-includes/js/wp-embed.minfb16.js]
[gracethemesdemo.com/flourish/index.html]
[gracethemesdemo.com/flourish/wp-content/plugins/woocommerce/packages/woocommerce-blocks/build/stylea1ec.css]
[gracethemesdemo.com/flourish/wp-content/plugins/woocommerce/assets/css/woocommerce-smallscreenf3df.css]
[gracethemesdemo.com/flourish/wp-content/plugins/woocommerce/assets/fonts/star.eot]
[gracethemesdemo.com/flourish/wp-content/plugins/woocommerce/assets/fonts/star.woff]
[gracethemesdemo.com/flourish/wp-content/plugins/woocommerce/assets/fonts/stard41d.eot]
[gracethemesdemo.com/flourish/wp-content/plugins/woocommerce/assets/fonts/star.ttf]
[gracethemesdemo.com/flourish/wp-content/plugins/woocommerce/assets/fonts/WooCommerce.eot]
[gracethemesdemo.com/flourish/wp-content/plugins/woocommerce/assets/fonts/WooCommerce.woff]
[gracethemesdemo.com/flourish/wp-content/plugins/woocommerce/assets/fonts/WooCommerced41d.eot]
[gracethemesdemo.com/flourish/wp-content/plugins/woocommerce/assets/fonts/WooCommerce.ttf]
[gracethemesdemo.com/flourish/wp-content/plugins/woocommerce/assets/css/woocommercef3df.css]
[gracethemesdemo.com/flourish/wp-content/plugins/woocommerce-gateway-paypal-express-checkout/assets/css/wc-gateway-ppec-frontendfb16.css]
[gracethemesdemo.com/flourish/wp-content/themes/flourish-pro/images/icon_quote.png]
[gracethemesdemo.com/flourish/wp-content/themes/flourish-pro/images/mobilenav.png]
[gracethemesdemo.com/flourish/wp-content/themes/flourish-pro/images/search-icon.png]
[gracethemesdemo.com/flourish/wp-content/themes/flourish-pro/images/videoplaybtn.png]
[gracethemesdemo.com/flourish/wp-content/themes/flourish-pro/images/up-arrow.png]
[gracethemesdemo.com/flourish/wp-content/themes/flourish-pro/images/loading.gif]
[gracethemesdemo.com/flourish/wp-content/themes/flourish-pro/images/premium-products-thumb-shape.png]
[gracethemesdemo.com/flourish/wp-content/themes/flourish-pro/stylefb16.css]
[gracethemesdemo.com/flourish/wp-content/themes/flourish-pro/editor-stylefb16.css]
[gracethemesdemo.com/flourish/wp-content/themes/flourish-pro/css/defaultfb16.css]
[gracethemesdemo.com/flourish/wp-content/themes/flourish-pro/images/slide-nav.png]
[gracethemesdemo.com/flourish/wp-content/themes/flourish-pro/css/nivo-sliderfb16.css]
[gracethemesdemo.com/flourish/wp-content/themes/flourish-pro/fontsawesome/webfonts/fa-brands-400.eot]
[gracethemesdemo.com/flourish/wp-content/themes/flourish-pro/fontsawesome/webfonts/fa-brands-400.woff2]
[gracethemesdemo.com/flourish/wp-content/themes/flourish-pro/fontsawesome/webfonts/fa-brands-400d41d.eot]
[gracethemesdemo.com/flourish/wp-content/themes/flourish-pro/fontsawesome/webfonts/fa-brands-400.woff]
[gracethemesdemo.com/flourish/wp-content/themes/flourish-pro/fontsawesome/webfonts/fa-brands-400.ttf]
[gracethemesdemo.com/flourish/wp-content/themes/flourish-pro/fontsawesome/webfonts/fa-regular-400.eot]
[gracethemesdemo.com/flourish/wp-content/themes/flourish-pro/fontsawesome/webfonts/fa-regular-400d41d.eot]
[gracethemesdemo.com/flourish/wp-content/themes/flourish-pro/fontsawesome/webfonts/fa-regular-400.woff2]
[gracethemesdemo.com/flourish/wp-content/themes/flourish-pro/fontsawesome/webfonts/fa-regular-400.woff]
[gracethemesdemo.com/flourish/wp-content/themes/flourish-pro/fontsawesome/webfonts/fa-regular-400.ttf]
[gracethemesdemo.com/flourish/wp-content/themes/flourish-pro/fontsawesome/webfonts/fa-solid-900.eot]
[gracethemesdemo.com/flourish/wp-content/themes/flourish-pro/fontsawesome/webfonts/fa-solid-900.woff2]
[gracethemesdemo.com/flourish/wp-content/themes/flourish-pro/fontsawesome/webfonts/fa-solid-900d41d.eot]
[gracethemesdemo.com/flourish/wp-content/themes/flourish-pro/fontsawesome/webfonts/fa-solid-900.woff]
[gracethemesdemo.com/flourish/wp-content/themes/flourish-pro/fontsawesome/webfonts/fa-solid-900.ttf]
[gracethemesdemo.com/flourish/wp-content/themes/flourish-pro/fontsawesome/css/fontawesome-allfb16.css]
[gracethemesdemo.com/flourish/wp-content/themes/flourish-pro/css/animationfb16.css]
[gracethemesdemo.com/flourish/wp-content/themes/flourish-pro/css/hoverfb16.css]
[gracethemesdemo.com/flourish/wp-content/themes/flourish-pro/css/hover-minfb16.css]
[gracethemesdemo.com/flourish/wp-content/themes/flourish-pro/testimonialsrotator/images/quote.png]
[gracethemesdemo.com/flourish/wp-content/themes/flourish-pro/images/arrow_prev.png]
[gracethemesdemo.com/flourish/wp-content/themes/flourish-pro/images/arrow_next.png]
[gracethemesdemo.com/flourish/wp-content/themes/flourish-pro/testimonialsrotator/js/tm-rotatorfb16.css]
[gracethemesdemo.com/flourish/wp-content/themes/flourish-pro/css/responsivefb16.css]
[gracethemesdemo.com/flourish/wp-content/themes/flourish-pro/testimonialsrotator/js/owl.video.play.94.delayed]
[gracethemesdemo.com/flourish/wp-content/themes/flourish-pro/images/client-arrow-prev.png]
[gracethemesdemo.com/flourish/wp-content/themes/flourish-pro/images/client-arrow-next.png]
[gracethemesdemo.com/flourish/wp-content/themes/flourish-pro/testimonialsrotator/js/owl.carouselfb16.css]
[gracethemesdemo.com/flourish/wp-content/themes/flourish-pro/mixitup/style-mixitupfb16.css]
[gracethemesdemo.com/flourish/wp-content/themes/flourish-pro/mixitup/prettyPhoto/default/sprite.png]
[gracethemesdemo.com/flourish/wp-content/themes/flourish-pro/mixitup/prettyPhoto/default/sprite_x.png]
[gracethemesdemo.com/flourish/wp-content/themes/flourish-pro/mixitup/prettyPhoto/default/sprite_y.png]
[gracethemesdemo.com/flourish/wp-content/themes/flourish-pro/mixitup/prettyPhoto/default/sprite_next.png]
[gracethemesdemo.com/flourish/wp-content/themes/flourish-pro/mixitup/prettyPhoto/default/sprite_prev.png]
[gracethemesdemo.com/flourish/wp-content/themes/flourish-pro/mixitup/prettyPhoto/default/default_thumb.png]
[gracethemesdemo.com/flourish/wp-content/themes/flourish-pro/mixitup/prettyPhoto/default/loader.gif]
[gracethemesdemo.com/flourish/wp-content/themes/flourish-pro/mixitup/prettyPhoto/light_rounded/sprite.png]
[gracethemesdemo.com/flourish/wp-content/themes/flourish-pro/mixitup/prettyPhoto/light_rounded/btnNext.png]
[gracethemesdemo.com/flourish/wp-content/themes/flourish-pro/mixitup/prettyPhoto/light_rounded/btnPrevious.png]
[gracethemesdemo.com/flourish/wp-content/themes/flourish-pro/mixitup/prettyPhoto/dark_rounded/sprite.png]
[gracethemesdemo.com/flourish/wp-content/themes/flourish-pro/mixitup/prettyPhoto/dark_rounded/contentPattern.png]
[gracethemesdemo.com/flourish/wp-content/themes/flourish-pro/mixitup/prettyPhoto/dark_rounded/btnNext.png]
[gracethemesdemo.com/flourish/wp-content/themes/flourish-pro/mixitup/prettyPhoto/dark_rounded/btnPrevious.png]
[gracethemesdemo.com/flourish/wp-content/themes/flourish-pro/mixitup/prettyPhoto/dark_rounded/loader.gif]
[gracethemesdemo.com/flourish/wp-content/themes/flourish-pro/mixitup/prettyPhoto/dark_square/loader.gif]
[gracethemesdemo.com/flourish/wp-content/themes/flourish-pro/mixitup/prettyPhoto/dark_square/sprite.png]
[gracethemesdemo.com/flourish/wp-content/themes/flourish-pro/mixitup/prettyPhoto/dark_square/btnNext.png]
[gracethemesdemo.com/flourish/wp-content/themes/flourish-pro/mixitup/prettyPhoto/dark_square/btnPrevious.png]
[gracethemesdemo.com/flourish/wp-content/themes/flourish-pro/mixitup/prettyPhoto/light_square/sprite.png]
[gracethemesdemo.com/flourish/wp-content/themes/flourish-pro/mixitup/prettyPhoto/light_square/btnNext.png]
[gracethemesdemo.com/flourish/wp-content/themes/flourish-pro/mixitup/prettyPhoto/light_square/btnPrevious.png]
[gracethemesdemo.com/flourish/wp-content/themes/flourish-pro/mixitup/prettyPhoto/facebook/sprite.png]
[gracethemesdemo.com/flourish/wp-content/themes/flourish-pro/mixitup/prettyPhoto/facebook/contentPatternTop.png]
[gracethemesdemo.com/flourish/wp-content/themes/flourish-pro/mixitup/prettyPhoto/facebook/contentPatternLeft.png]
[gracethemesdemo.com/flourish/wp-content/themes/flourish-pro/mixitup/prettyPhoto/facebook/contentPatternRight.png]
[gracethemesdemo.com/flourish/wp-content/themes/flourish-pro/mixitup/prettyPhoto/facebook/loader.gif]
[gracethemesdemo.com/flourish/wp-content/themes/flourish-pro/mixitup/prettyPhoto/facebook/btnNext.png]
[gracethemesdemo.com/flourish/wp-content/themes/flourish-pro/mixitup/prettyPhoto/facebook/btnPrevious.png]
[gracethemesdemo.com/flourish/wp-content/themes/flourish-pro/mixitup/prettyPhoto/facebook/contentPatternBottom.png]
[gracethemesdemo.com/flourish/wp-content/themes/flourish-pro/mixitup/prettyPhoto/facebook/default_thumbnail.gif]
[gracethemesdemo.com/flourish/wp-content/themes/flourish-pro/mixitup/prettyPhoto/light_rounded/loader.gif]
[gracethemesdemo.com/flourish/wp-content/themes/flourish-pro/mixitup/prettyPhotoe735fb16.css]
[gracethemesdemo.com/flourish/wp-content/themes/flourish-pro/images/button-previous.b7.delayed]
[gracethemesdemo.com/flourish/wp-content/themes/flourish-pro/images/button-next.b8.delayed]
[gracethemesdemo.com/flourish/wp-content/themes/flourish-pro/css/flexiselcssfb16.css]
[gracethemesdemo.com/flourish/wp-content/themes/flourish-pro/popupvideo/icon-close-white.png]
[gracethemesdemo.com/flourish/wp-content/themes/flourish-pro/popupvideo/icon-close-black.ba.delayed]
[gracethemesdemo.com/flourish/wp-content/themes/flourish-pro/popupvideo/grt-youtube-popupfb16.css]
[gracethemesdemo.com/flourish/wp-content/themes/flourish-pro/css/animation-stylefb16.css]
[gracethemesdemo.com/flourish/wp-includes/wlwmanifest.xml]
[gracethemesdemo.com/flourish/wp-json/oembed/1.0/embedd26e.json]
[gracethemesdemo.com/flourish/wp-json/oembed/1.0/embed0f88]
[gracethemesdemo.com/flourish/wp-content/themes/flourish-pro/images/inner-banner.jpg]
[gracethemesdemo.com/flourish/about-us/index.html]
[gracethemesdemo.com/flourish/wp-json/oembed/1.0/embed8695.json]
[gracethemesdemo.com/flourish/wp-json/oembed/1.0/embed68f9]
[gracethemesdemo.com/flourish/left-sidebar/index.html]
[gracethemesdemo.com/flourish/wp-json/oembed/1.0/embedb89d.json]
[gracethemesdemo.com/flourish/category/uncategorized/index.html]
[gracethemesdemo.com/flourish/2019/04/index.html]
[gracethemesdemo.com/flourish/wp-json/oembed/1.0/embedb998]
[gracethemesdemo.com/flourish/right-sidebar/index.html]
[gracethemesdemo.com/flourish/wp-json/oembed/1.0/embed3af9.json]
[gracethemesdemo.com/flourish/wp-json/oembed/1.0/embed3e97]
[gracethemesdemo.com/flourish/full-width/index.html]
[gracethemesdemo.com/flourish/wp-json/oembed/1.0/embedb5f9.json]
[gracethemesdemo.com/flourish/wp-json/oembed/1.0/embedf06b]
[gracethemesdemo.com/flourish/no-sidebar/index.html]
[gracethemesdemo.com/flourish/wp-json/oembed/1.0/embed5ee0.json]
[gracethemesdemo.com/flourish/wp-json/oembed/1.0/embed9e80]
[gracethemesdemo.com/flourish/dropdown-level-1/index.html]
[gracethemesdemo.com/flourish/wp-json/oembed/1.0/embed1b92.json]
[gracethemesdemo.com/flourish/wp-json/oembed/1.0/embedb5db]
[gracethemesdemo.com/flourish/lavel-2/index.html]
[gracethemesdemo.com/flourish/wp-json/oembed/1.0/embedcbfa.json]
[gracethemesdemo.com/flourish/wp-json/oembed/1.0/embed2846]
[gracethemesdemo.com/flourish/lavel-3/index.html]
[gracethemesdemo.com/flourish/wp-json/oembed/1.0/embedaa80.json]
[gracethemesdemo.com/flourish/wp-json/oembed/1.0/embedd802]
[gracethemesdemo.com/flourish/blog/index.html]
[gracethemesdemo.com/flourish/wp-json/oembed/1.0/embedb6c1.json]
[gracethemesdemo.com/flourish/wp-json/oembed/1.0/embedf850]
[gracethemesdemo.com/flourish/wp-content/uploads/2019/04/blog02.jpg]
[gracethemesdemo.com/flourish/wp-content/uploads/2019/04/blog03.jpg]
[gracethemesdemo.com/flourish/wp-content/uploads/2019/04/blog04.jpg]
[gracethemesdemo.com/flourish/2019/04/23/fusce-faucibus-sed-leo-nec-ultrices-etiam-imperdiet-imrdiet-eget-leo/index.html]
[gracethemesdemo.com/flourish/wp-content/uploads/2019/04/blog01.jpg]
[gracethemesdemo.com/flourish/2019/04/23/etiam-non-tortor-non-lorem-pulvinar-rhoncus-auctor-nisi-massa/index.html]
[gracethemesdemo.com/flourish/blog-left-sidebar/index.html]
[gracethemesdemo.com/flourish/wp-json/oembed/1.0/embede974]
[gracethemesdemo.com/flourish/blog-right-sidebar/index.html]
[gracethemesdemo.com/flourish/wp-json/oembed/1.0/embed5903.json]
[gracethemesdemo.com/flourish/wp-json/oembed/1.0/embed711d]
[gracethemesdemo.com/flourish/blog-full-width/index.html]
[gracethemesdemo.com/flourish/wp-json/oembed/1.0/embedd273.json]
[gracethemesdemo.com/flourish/wp-json/oembed/1.0/embed9b9a]
[gracethemesdemo.com/flourish/blog-no-sidebar/index.html]
[gracethemesdemo.com/flourish/wp-json/oembed/1.0/embed8287.json]
[gracethemesdemo.com/flourish/wp-json/oembed/1.0/embed47f1]
[gracethemesdemo.com/flourish/blog-grid-layout/index.html]
[gracethemesdemo.com/flourish/shop/index.html]
[gracethemesdemo.com/flourish/shop/feed/index.html]
[gracethemesdemo.com/flourish/shop/index64d8.html]
[gracethemesdemo.com/flourish/shop/index528e.html]
[gracethemesdemo.com/flourish/shop/indexc474.html]
[gracethemesdemo.com/flourish/wp-json/oembed/1.0/embed2c8c.json]
[gracethemesdemo.com/flourish/shop/index4062.html]
[gracethemesdemo.com/flourish/wp-json/oembed/1.0/embedbd24]
[gracethemesdemo.com/flourish/wp-content/uploads/2018/08/gallery7.jpg]
[gracethemesdemo.com/flourish/wp-content/uploads/2018/08/gallery8.jpg]
[gracethemesdemo.com/flourish/wp-content/uploads/2018/08/gallery5.jpg]
[gracethemesdemo.com/flourish/photo-gallery/index.html]
[gracethemesdemo.com/flourish/wp-json/oembed/1.0/embed5ab4.json]
[gracethemesdemo.com/flourish/wp-json/oembed/1.0/embede613]
[gracethemesdemo.com/flourish/wp-content/uploads/2019/02/member01-240x300.jpg]
[gracethemesdemo.com/flourish/our-team/jennifer-doe/index.html]
[gracethemesdemo.com/flourish/wp-json/oembed/1.0/embedcf6e.json]
[gracethemesdemo.com/flourish/wp-json/oembed/1.0/embedc09f]
[gracethemesdemo.com/flourish/wp-content/uploads/2019/02/member02-240x300.jpg]
[gracethemesdemo.com/flourish/our-team/martin-doe/index.html]
[gracethemesdemo.com/flourish/wp-json/oembed/1.0/embed6140.json]
[gracethemesdemo.com/flourish/wp-json/oembed/1.0/embed102c]
[gracethemesdemo.com/flourish/wp-content/uploads/2019/02/member04-240x300.jpg]
[gracethemesdemo.com/flourish/our-team/alex-doe/index.html]
[gracethemesdemo.com/flourish/wp-json/oembed/1.0/embed92a8.json]
[gracethemesdemo.com/flourish/wp-json/oembed/1.0/embed2cd1]
[gracethemesdemo.com/flourish/wp-content/uploads/2019/02/member03-240x300.jpg]
[gracethemesdemo.com/flourish/our-team/patrick-doe/index.html]
[gracethemesdemo.com/flourish/product/decor-product-1/feed/index.html]
[gracethemesdemo.com/flourish/wp-json/oembed/1.0/embed1ea5.json]
[gracethemesdemo.com/flourish/wp-json/oembed/1.0/embed039b]
[gracethemesdemo.com/flourish/wp-content/plugins/woocommerce/assets/js/zoom/jquery.zoom.min5a35.js]
[gracethemesdemo.com/flourish/product-category/uncategorized/index.html]
[gracethemesdemo.com/flourish/product/decor-product-1/index528e.html]
[gracethemesdemo.com/flourish/wp-content/plugins/woocommerce/assets/js/flexslider/jquery.flexslider.mineed8.js]
[gracethemesdemo.com/flourish/product/decor-product-1/index4062.html]
[gracethemesdemo.com/flourish/product/decor-product-1/index64d8.html]
[gracethemesdemo.com/flourish/wp-content/plugins/woocommerce/assets/js/photoswipe/photoswipe.min0235.js]
[gracethemesdemo.com/flourish/wp-content/plugins/woocommerce/assets/js/photoswipe/photoswipe-ui-default.min0235.js]
[gracethemesdemo.com/flourish/wp-content/plugins/woocommerce/assets/js/frontend/single-product.minf3df.js]
[gracethemesdemo.com/flourish/wp-includes/js/comment-reply.minfb16.js]
[gracethemesdemo.com/flourish/product/decor-product-1/index.html]
[gracethemesdemo.com/flourish/indexc474.html]
[gracethemesdemo.com/flourish/wp-json/oembed/1.0/embedafa6.json]
[gracethemesdemo.com/flourish/product/decor-product-2/feed/index.html]
[gracethemesdemo.com/flourish/wp-json/oembed/1.0/embed2fd0]
[gracethemesdemo.com/flourish/product/decor-product-2/index.html]
[gracethemesdemo.com/flourish/index64d8.html]
[gracethemesdemo.com/flourish/product/decor-product-2/index4062.html]
[gracethemesdemo.com/flourish/product/decor-product-2/indexc474.html]
[gracethemesdemo.com/flourish/cart/index.html]
[gracethemesdemo.com/flourish/product/decor-product-2/index528e.html]
[gracethemesdemo.com/flourish/wp-json/oembed/1.0/embed52f4.json]
[gracethemesdemo.com/flourish/product/decor-product-3/feed/index.html]
[gracethemesdemo.com/flourish/wp-json/oembed/1.0/embedba76]
[gracethemesdemo.com/flourish/product/decor-product-3/index.html]
[gracethemesdemo.com/flourish/index528e.html]
[gracethemesdemo.com/flourish/product/decor-product-3/indexc474.html]
[gracethemesdemo.com/flourish/product/decor-product-3/index4062.html]
[gracethemesdemo.com/flourish/product/decor-product-3/index64d8.html]
[gracethemesdemo.com/flourish/wp-json/oembed/1.0/embed568b.json]
[gracethemesdemo.com/flourish/product/decor-product-4/feed/index.html]
[gracethemesdemo.com/flourish/wp-json/oembed/1.0/embed2c2a]
[gracethemesdemo.com/flourish/product/decor-product-4/index.html]
[gracethemesdemo.com/flourish/index4062.html]
[gracethemesdemo.com/flourish/product/decor-product-4/indexc474.html]
[gracethemesdemo.com/flourish/product/decor-product-4/index528e.html]
[gracethemesdemo.com/flourish/product/decor-product-4/index64d8.html]
[gracethemesdemo.com/flourish/wp-json/oembed/1.0/embed973e.json]
[gracethemesdemo.com/flourish/2019/04/23/interdum-et-malesuada-fames-ac-ante-faucibus-vivamus-fring-purante/feed/index.html]
[gracethemesdemo.com/flourish/wp-json/oembed/1.0/embed6eb9]
[gracethemesdemo.com/flourish/2019/04/23/interdum-et-malesuada-fames-ac-ante-faucibus-vivamus-fring-purante/index.html]
[gracethemesdemo.com/flourish/2019/04/23/fusce-faucibus-sed-leo-nec-ultrices-etiamnec-ex-vitae-ligula-eget/feed/index.html]
[gracethemesdemo.com/flourish/wp-json/oembed/1.0/embed52db.json]
[gracethemesdemo.com/flourish/wp-json/oembed/1.0/embedbbde]
[gracethemesdemo.com/flourish/2019/04/23/fusce-faucibus-sed-leo-nec-ultrices-etiamnec-ex-vitae-ligula-eget/index.html]
[gracethemesdemo.com/flourish/wp-json/oembed/1.0/embedd01e.json]
[gracethemesdemo.com/flourish/wp-json/oembed/1.0/embed05e5]
[gracethemesdemo.com/flourish/services/index.html]
[gracethemesdemo.com/flourish/wp-includes/css/dist/block-library/style.minfb16.css]
[gracethemesdemo.com/flourish/wp-content/plugins/woocommerce/assets/css/woocommerce-layoutf3df.css]
[gracethemesdemo.com/flourish/wp-content/plugins/woocommerce/assets/fonts/star.svg]
[gracethemesdemo.com/flourish/wp-content/plugins/woocommerce/assets/fonts/WooCommerce.svg]
[gracethemesdemo.com/flourish/wp-content/plugins/woocommerce/assets/images/icons/loader.svg]
[gracethemesdemo.com/flourish/wp-content/plugins/woocommerce/assets/images/icons/credit-cards/visa.svg]
[gracethemesdemo.com/flourish/wp-content/plugins/woocommerce/assets/images/icons/credit-cards/mastercard.svg]
[gracethemesdemo.com/flourish/wp-content/plugins/woocommerce/assets/images/icons/credit-cards/laser.svg]
[gracethemesdemo.com/flourish/wp-content/plugins/woocommerce/assets/images/icons/credit-cards/diners.svg]
[gracethemesdemo.com/flourish/wp-content/plugins/woocommerce/assets/images/icons/credit-cards/maestro.svg]
[gracethemesdemo.com/flourish/wp-content/plugins/woocommerce/assets/images/icons/credit-cards/jcb.svg]
[gracethemesdemo.com/flourish/wp-content/plugins/woocommerce/assets/images/icons/credit-cards/amex.svg]
[gracethemesdemo.com/flourish/wp-content/plugins/woocommerce/assets/images/icons/credit-cards/discover.svg]
[gracethemesdemo.com/flourish/wp-content/themes/flourish-pro/fontsawesome/webfonts/fa-brands-400.svg]
[gracethemesdemo.com/flourish/wp-content/plugins/woocommerce/assets/js/jquery-blockui/jquery.blockUI.min44fd.js]
[gracethemesdemo.com/flourish/wp-content/themes/flourish-pro/fontsawesome/webfonts/fa-regular-400.svg]
[gracethemesdemo.com/flourish/wp-content/themes/flourish-pro/fontsawesome/webfonts/fa-solid-900.svg]
[gracethemesdemo.com/flourish/wp-content/themes/flourish-pro/testimonialsrotator/js/owl.video.play.html]
[gracethemesdemo.com/flourish/wp-content/themes/flourish-pro/images/button-previous.html]
[gracethemesdemo.com/flourish/wp-content/themes/flourish-pro/images/button-next.html]
[gracethemesdemo.com/flourish/wp-content/themes/flourish-pro/popupvideo/icon-close-black.html]
[gracethemesdemo.com/flourish/index895e.html]
[gracethemesdemo.com/flourish/index00c2.html]
[gracethemesdemo.com/flourish/category/uncategorized/index.html]
[gracethemesdemo.com/flourish/2019/04/index.html]
[gracethemesdemo.com/flourish/indexccf0.html]
[gracethemesdemo.com/flourish/index1583.html]
[gracethemesdemo.com/flourish/indexeba0.html]
[gracethemesdemo.com/flourish/index0d13.html]
[gracethemesdemo.com/flourish/index4e02.html]
[gracethemesdemo.com/flourish/indexe398.html]
[gracethemesdemo.com/flourish/index043e.html]
[gracethemesdemo.com/flourish/index1ca9.html]
[gracethemesdemo.com/flourish/category/uncategorized/feed/index.html]
[gracethemesdemo.com/flourish/wp-json/oembed/1.0/embeda583.json]
[gracethemesdemo.com/flourish/2019/04/23/fusce-faucibus-sed-leo-nec-ultrices-etiam-imperdiet-imrdiet-eget-leo/feed/index.html]
[gracethemesdemo.com/flourish/wp-json/oembed/1.0/embedbd01]
[gracethemesdemo.com/flourish/2019/04/23/fusce-faucibus-sed-leo-nec-ultrices-etiam-imperdiet-imrdiet-eget-leo/index.html]
[gracethemesdemo.com/flourish/wp-json/oembed/1.0/embedf5bb.json]
[gracethemesdemo.com/flourish/2019/04/23/etiam-non-tortor-non-lorem-pulvinar-rhoncus-auctor-nisi-massa/feed/index.html]
[gracethemesdemo.com/flourish/wp-json/oembed/1.0/embedf819]
[gracethemesdemo.com/flourish/2019/04/23/etiam-non-tortor-non-lorem-pulvinar-rhoncus-auctor-nisi-massa/index.html]
[gracethemesdemo.com/flourish/indexa49c.html]
[gracethemesdemo.com/flourish/index7a13.html]
[gracethemesdemo.com/flourish/index8ae4.html]
[gracethemesdemo.com/flourish/index3ba5.html]
[gracethemesdemo.com/flourish/shop/indexc474.html]
[gracethemesdemo.com/flourish/shop/index64d8.html]
[gracethemesdemo.com/flourish/shop/index528e.html]
[gracethemesdemo.com/flourish/shop/index4062.html]
[gracethemesdemo.com/flourish/indexab36.html]
[gracethemesdemo.com/flourish/wp-content/themes/flourish-pro/images/service-we-do-6.jpg]
[gracethemesdemo.com/flourish/index29f2.html]
[gracethemesdemo.com/flourish/index05c7.html]
[gracethemesdemo.com/flourish/index2fb6.html]
[gracethemesdemo.com/flourish/indexa9e1.html]
[gracethemesdemo.com/flourish/wp-content/plugins/woocommerce/assets/css/photoswipe/photoswipef3df.css]
[gracethemesdemo.com/flourish/wp-json/oembed/1.0/embed08fd]
[gracethemesdemo.com/flourish/wp-content/plugins/woocommerce/assets/css/photoswipe/default-skin/default-skin.png]
[gracethemesdemo.com/flourish/wp-content/plugins/woocommerce/assets/css/photoswipe/default-skin/preloader.gif]
[gracethemesdemo.com/flourish/wp-content/plugins/woocommerce/assets/css/photoswipe/default-skin/default-skinf3df.css]
[gracethemesdemo.com/flourish/indexf770.html]
[gracethemesdemo.com/flourish/product-category/uncategorized/index.html]
[gracethemesdemo.com/flourish/product/decor-product-1/index528e.html]
[gracethemesdemo.com/flourish/product-category/uncategorized/feed/index.html]
[gracethemesdemo.com/flourish/product-category/uncategorized/indexc474.html]
[gracethemesdemo.com/flourish/product-category/uncategorized/index64d8.html]
[gracethemesdemo.com/flourish/product/decor-product-1/index64d8.html]
[gracethemesdemo.com/flourish/product/decor-product-1/index4062.html]
[gracethemesdemo.com/flourish/index543d.html]
[gracethemesdemo.com/flourish/product-category/uncategorized/index528e.html]
[gracethemesdemo.com/flourish/product-category/uncategorized/index4062.html]
[gracethemesdemo.com/flourish/wp-json/oembed/1.0/embed0ff1.json]
[gracethemesdemo.com/flourish/wp-json/oembed/1.0/embed2d2e]
[gracethemesdemo.com/flourish/cart/indexddf3.html]
[www.paypalobjects.com/webstatic/en_US/i/buttons/checkout-logo-.10e.delayed]
[gracethemesdemo.com/flourish/wp-content/plugins/woocommerce/assets/js/frontend/country-select.minf3df.js]
[gracethemesdemo.com/flourish/wp-content/plugins/woocommerce/assets/js/frontend/address-i18n.minf3df.js]
[gracethemesdemo.com/flourish/wp-content/plugins/woocommerce/assets/js/frontend/cart.minf3df.js]
[gracethemesdemo.com/flourish/wp-content/plugins/woocommerce/assets/js/selectWoo/selectWoo.full.min0ba6.js]
[gracethemesdemo.com/flourish/cart/index.html]
[gracethemesdemo.com/flourish/product/decor-product-2/indexc474.html]
[gracethemesdemo.com/flourish/product/decor-product-2/index4062.html]
[gracethemesdemo.com/flourish/product/decor-product-2/index528e.html]
[gracethemesdemo.com/flourish/index65c8.html]
[gracethemesdemo.com/flourish/product/decor-product-3/index64d8.html]
[gracethemesdemo.com/flourish/product/decor-product-3/indexc474.html]
[gracethemesdemo.com/flourish/product/decor-product-3/index4062.html]
[gracethemesdemo.com/flourish/index7020.html]
[gracethemesdemo.com/flourish/product/decor-product-4/indexc474.html]
[gracethemesdemo.com/flourish/product/decor-product-4/index528e.html]
[gracethemesdemo.com/flourish/product/decor-product-4/index64d8.html]
[gracethemesdemo.com/flourish/indexd728.html]
[gracethemesdemo.com/flourish/index5c93.html]
[gracethemesdemo.com/flourish/index5708.html]
[gracethemesdemo.com/flourish/xmlrpc.html]
[gracethemesdemo.com/flourish/wp-content/plugins/contact-form-7/includes/css/styles58e0.html]
[gracethemesdemo.com/flourish/xmlrpc0db0.html]
[gracethemesdemo.com/flourish/indexc339.html]
[gracethemesdemo.com/flourish/indexac80.html]
[gracethemesdemo.com/flourish/contact-us/index.html]
[gracethemesdemo.com/flourish/product-category/uncategorized/indexc474.html]
[gracethemesdemo.com/flourish/product-category/uncategorized/index64d8.html]
[gracethemesdemo.com/flourish/product-category/uncategorized/index528e.html]
[gracethemesdemo.com/flourish/product-category/uncategorized/index4062.html]
[gracethemesdemo.com/flourish/wp-content/plugins/woocommerce/assets/css/select2f3df.css]
[gracethemesdemo.com/flourish/index13fe.html]
[gracethemesdemo.com/flourish/cart/index79ca.html]
[gracethemesdemo.com/flourish/cart/indexac3f.html]
[gracethemesdemo.com/flourish/cart/indexe479.html]
[gracethemesdemo.com/flourish/cart/indexd6a8.html]
[gracethemesdemo.com/flourish/checkout/index.html]
[gracethemesdemo.com/flourish/cart/indexddf3.html]
[www.paypalobjects.com/webstatic/en_US/i/buttons/checkout-logo-.html]
[gracethemesdemo.com/flourish/wp-content/plugins/contact-form-7/includes/js/scripts58e0.html]
[gracethemesdemo.com/flourish/wp-login.html]
[gracethemesdemo.com/flourish/wp-content/plugins/woocommerce/assets/css/photoswipe/default-skin/default-skin.svg]
[gracethemesdemo.com/flourish/cart/indexaafe.html]
[gracethemesdemo.com/flourish/cart/indexaafe.html]
[gracethemesdemo.com/flourish/cart/indexf95c.html]
[gracethemesdemo.com/flourish/cart/index376b.html]
[gracethemesdemo.com/flourish/cart/indexe190.html]
[gracethemesdemo.com/flourish/cart/index00e4.html]
